<?xml version="1.0" encoding="UTF-8"?>
<module type="JAVA_MODULE" version="4">
  <component name="NewModuleRootManager" inherit-compiler-output="true">
    <content url="file://$MODULE_DIR$">
      <excludeFolder url="file://$MODULE_DIR$/.buckd" />
      <excludeFolder url="file://$MODULE_DIR$/.idea" />
      <excludeFolder url="file://$MODULE_DIR$/buck-cache" />
      <excludeFolder url="file://$MODULE_DIR$/buck-out/bin" />
      <excludeFolder url="file://$MODULE_DIR$/buck-out/log" />
      <excludeFolder url="file://$MODULE_DIR$/buck-out/tmp" />
      <excludeFolder url="file://$MODULE_DIR$/.idea" />
      <excludeFolder url="file://$MODULE_DIR$/buck-out" />
      <excludeFolder url="file://$MODULE_DIR$/libs" />
      <excludeFolder url="file://$MODULE_DIR$/modules/tip" />
      <excludeFolder url="file://$MODULE_DIR$/tests" />
    </content>
    <orderEntry type="inheritedJdk" />
  </component>
</module>
