{"required-targets":["//js:genrule-outer#ios"],"xcconfig-paths":["buck-out/gen/ios/DemoAppWithJsBundleGenrule#iphonesimulator-x86_64,no-debug-Debug.xcconfig","buck-out/gen/ios/DemoAppWithJsBundleGenrule#iphonesimulator-x86_64,no-debug-Profile.xcconfig","buck-out/gen/ios/DemoAppWithJsBundleGenrule#iphonesimulator-x86_64,no-debug-Release.xcconfig"],"copy-in-xcode":[{"sourceType":"FOLDER_CONTENTS","sourcePath":"buck-out/gen/js/genrule-outer#ios/js","destinationBase":"UNLOCALIZED_RESOURCES","destinationPath":""},{"sourceType":"FOLDER_CONTENTS","sourcePath":"buck-out/gen/js/fruit-with-extras#ios/res","destinationBase":"UNLOCALIZED_RESOURCES","destinationPath":""}]}