dependencies --platform android --lib @/buck-out/gen/js/extras#android.jslib --lib @/buck-out/gen/js/fruit#android.jslib --root @ yoghurt banana apple
{"command":"library-dependencies","release":false,"rootPath":"@","platform":"android","outputPath":"@/buck-out/gen/js/extras#android.jslib","dependencyLibraryFilePaths":[],"aggregatedSourceFilesFilePath":"@/buck-out/gen/js/extras#_files_,android.jslib"}
library-files --platform android --root @
transform --arbitrary extra --flags --filename js/extras/choclate-chips.js
var choclateChips;
transform --arbitrary extra --flags --filename js/extras/yoghurt.js
var yoghurt;
{"command":"library-dependencies","release":false,"rootPath":"@","platform":"android","outputPath":"@/buck-out/gen/js/fruit#android.jslib","dependencyLibraryFilePaths":[],"aggregatedSourceFilesFilePath":"@/buck-out/gen/js/fruit#_files_,android.jslib"}
library-files --platform android --root @
transform --filename js/apple.js
var apple;
transform --filename js/banana.js
var banana;
transform --filename js/pear.js
var pear;
