bundle --platform ios --lib @/buck-out/gen/js/extras#ios.json --lib @/buck-out/gen/js/fruit#ios.json --root @ --sourcemap @/buck-out/gen/js/fruit-with-extras#ios/map/some-fruit-with-delicious-extras.js.map --assets @/buck-out/gen/js/fruit-with-extras#ios/res yoghurt banana apple
library --platform ios --root @
transform --arbitrary extra --flags --filename js/extras/choclate-chips.js
var choclateChips;
transform --arbitrary extra --flags --filename js/extras/yoghurt.js
var yoghurt;
library --platform ios --root @
transform --filename js/apple.js
var apple;
transform --filename js/banana.js
var banana;
transform --filename js/pear.js
var pear;
postprocessed
postprocessed again
