bundle --platform android --release --lib @/buck-out/gen/js/extras#android,release.json --lib @/buck-out/gen/js/fruit#android,release.json --lib @/buck-out/gen/js/fruit-salad#android,release.json --root @ --sourcemap @/buck-out/gen/js/fruit-salad-in-a-bundle#_js_,android,release/map/fruit-salad-in-a-bundle.js.map --assets @/buck-out/gen/js/fruit-salad-in-a-bundle#_js_,android,release/res fruit-salad
library --release --platform android --root @
optimize --arbitrary extra --flags --platform android
transform --arbitrary extra --flags --filename js/extras/choclate-chips.js
var choclateChips;
optimize --arbitrary extra --flags --platform android
transform --arbitrary extra --flags --filename js/extras/yoghurt.js
var yoghurt;
library --release --platform android --root @
optimize --platform android
transform --filename js/apple.js
var apple;
optimize --platform android
transform --filename js/banana.js
var banana;
optimize --platform android
transform --filename js/pear.js
var pear;
library --release --platform android --lib @/buck-out/gen/js/extras#android,release.json --lib @/buck-out/gen/js/fruit#android,release.json --root @
library --release --platform android --root @
optimize --arbitrary extra --flags --platform android
transform --arbitrary extra --flags --filename js/extras/choclate-chips.js
var choclateChips;
optimize --arbitrary extra --flags --platform android
transform --arbitrary extra --flags --filename js/extras/yoghurt.js
var yoghurt;
library --release --platform android --root @
optimize --platform android
transform --filename js/apple.js
var apple;
optimize --platform android
transform --filename js/banana.js
var banana;
optimize --platform android
transform --filename js/pear.js
var pear;
optimize --platform android
transform --filename js/fruit-salad.js
var fruitSalad;
