<?xml version="1.0" encoding="UTF-8"?>
<module type="JAVA_MODULE" version="4">
  <component name="FacetManager">
    <facet type="android" name="Android">
      <configuration>
        <option name="GEN_FOLDER_RELATIVE_PATH_APT" value="/../../buck-out/android/modules/dep2/gen" />
        <option name="GEN_FOLDER_RELATIVE_PATH_AIDL" value="/../../buck-out/android/modules/dep2/gen" />
        <option name="RES_FOLDERS_RELATIVE_PATH" value="" />
        <option name="LIBRARY_PROJECT" value="true" />
        <option name="PROJECT_TYPE" value="1" />
        <option name="UPDATE_PROPERTY_FILES" value="false" />
        <option name="ENABLE_SOURCES_AUTOGENERATION" value="true" />
        <includeAssetsFromLibraries>true</includeAssetsFromLibraries>
      </configuration>
    </facet>
  </component>
  <component name="NewModuleRootManager" inherit-compiler-output="false">
    <output url="jar://$MODULE_DIR$/../../buck-out/gen/modules/dep2/lib__dep3__output/dep3.jar!/" />
    <exclude-output />
    <content url="file://$MODULE_DIR$/../../buck-out/android/modules/dep2/gen">
      <sourceFolder url="file://$MODULE_DIR$/../../buck-out/android/modules/dep2/gen" isTestSource="false" />
    </content>
    <content url="file://$MODULE_DIR$">
      <sourceFolder url="file://$MODULE_DIR$/src" isTestSource="false" packagePrefix="com.example" />
    </content>
    <orderEntry type="inheritedJdk" />
    <orderEntry type="sourceFolder" forTests="false" />
    <orderEntry type="module" module-name="modules_dep1" scope="COMPILE" />
    <orderEntry type="library" name="library_modules_dep2_extra_classpath" scope="COMPILE" level="project" />
  </component>
</module>