bundle --lib @/buck-out/gen/js/extras.json --lib @/buck-out/gen/js/fruit.json yoghurt banana apple
library
transform --arbitrary extra --flags --filename js/extras/choclate-chips.js
var choclateChips;
transform --arbitrary extra --flags --filename js/extras/yoghurt.js
var yoghurt;
library
transform --filename js/apple.js
var apple;
transform --filename js/banana.js
var banana;
transform --filename js/pear.js
var pear;
