{
  "command" : "library-dependencies",
  "release" : true,
  "rootPath" : "@",
  "platform" : "android",
  "outputPath" : "@/buck-out/gen/js/fruit#android,release,transform-profile-default.jslib",
  "dependencyLibraryFilePaths" : [ ],
  "aggregatedSourceFilesFilePath" : "@/buck-out/gen/js/fruit#_files_,android,release,transform-profile-default.jslib",
  "flavors" : [
    "android",
    "release"
  ]
}
{
  "command" : "library-files",
  "release" : true,
  "rootPath" : "@",
  "platform" : "android",
  "outputFilePath" : "@/buck-out/gen/js/fruit#_files_,android,release,transform-profile-default.jslib",
  "sourceFilePaths" : [
    "@/buck-out/gen/js/fruit#_files_,android,file-apple.js-<HASH>,release,transform-profile-default.jsfile",
    "@/buck-out/gen/js/fruit#_files_,android,file-banana.js-<HASH>,release,transform-profile-default.jsfile",
    "@/buck-out/gen/js/fruit#_files_,android,file-pear.js-<HASH>,release,transform-profile-default.jsfile"
  ],
  "flavors" : [
    "android",
    "release"
  ]
}
{
  "command" : "transform",
  "outputFilePath" : "@/buck-out/gen/js/fruit#_files_,android,file-apple.js-<HASH>,release,transform-profile-default.jsfile",
  "sourceJsFilePath" : "@/js/apple.js",
  "sourceJsFileName" : "js/apple.js",
  "transformProfile" : "default",
  "release" : true,
  "flavors" : [
    "android",
    "release"
  ]
}
var apple;
{
  "command" : "transform",
  "outputFilePath" : "@/buck-out/gen/js/fruit#_files_,android,file-banana.js-<HASH>,release,transform-profile-default.jsfile",
  "sourceJsFilePath" : "@/js/banana.js",
  "sourceJsFileName" : "js/banana.js",
  "transformProfile" : "default",
  "release" : true,
  "flavors" : [
    "android",
    "release"
  ]
}
var banana;
{
  "command" : "transform",
  "outputFilePath" : "@/buck-out/gen/js/fruit#_files_,android,file-pear.js-<HASH>,release,transform-profile-default.jsfile",
  "sourceJsFilePath" : "@/js/pear.js",
  "sourceJsFileName" : "js/pear.js",
  "transformProfile" : "default",
  "release" : true,
  "flavors" : [
    "android",
    "release"
  ]
}
var pear;