Build UUID: 97eb735b-27c9-4d60-9564-fb0694a53b03
StampedeID: stampede5057850940756389804
BuildSlave Server RunIDs: stampede-slave1241653611715395998, stampede-slave8890909885267341364

Number of local CacheMisses after successful remote build: 1
Number of Mismatching DefaultRuleKeys: 2
Number of Mismatching InputRuleKeys: 1
Number of BuildRule failures in local build: 2
Number of BuildRule failures in remote build: 1
Number of BuildRules producing CacheMisses on multiple slaves: 1

----------------------------------------

Rule Name: //common/logging:logger#gcc-4.9-glibc-2.20-fb,shared
Rule Type: cxx_link

Local build:
Duration: 17ms
Cache Result: HIT
Build Status: SUCCESS
DefaultRuleKey: 7d50651d3d5d67e0c0148c35293248281edeeb5c
InputRuleKey: 021de2f0d1acc1bf7c501a7e8fb1bb6ba7d5c95f
Built by: 2 slave servers [stampede-slave1241653611715395998, stampede-slave8890909885267341364]

Slave Build: (RunId stampede-slave1241653611715395998)
Duration: 17ms
Cache Result: MISS
Build Status: SUCCESS

Slave Build: (RunId stampede-slave8890909885267341364)
Duration: 17ms
Cache Result: MISS
Build Status: SUCCESS

THIS RULE WAS A CACHE MISS ON MULTIPLE BUILD-SLAVES.

----------------------------------------

Rule Name: //folly:spooky_hash_v1#gcc-4.9-glibc-2.20-fb,shared
Rule Type: cxx_link

Local build:
Duration: 4ms
Cache Result: MISS
Build Status: SUCCESS
DefaultRuleKey: 25c2f59e16f0957faf94932424b87e6d0facd27f
InputRuleKey: ebea62eb1ead8d9bf3dc726f32cb38670f7c26d7
Built by: 2 slave servers [stampede-slave1241653611715395998, stampede-slave8890909885267341364]

Slave Build: (RunId stampede-slave1241653611715395998)
Duration: 4ms
Cache Result: IGNORED
Build Status: FAIL

Slave Build: (RunId stampede-slave8890909885267341364)
Duration: 4ms
Cache Result: MISS
Build Status: FAIL

----------------------------------------

Rule Name: //third-party-buck/gcc-4.9-glibc-2.20-fb/build/gflags:gflags
Rule Type: prebuilt_cxx_library

Local build:
Duration: 8ms
Cache Result: IGNORED
Build Status: SUCCESS
DefaultRuleKey: 49da2a2577b946c3e9b2be4e3742023cb58620d3
InputRuleKey: 0dadd85ac68685e2d61ffe8eefed3ada230ec09b
Built by: 2 slave servers [stampede-slave1241653611715395998, stampede-slave8890909885267341364]

Slave Build: (RunId stampede-slave1241653611715395998)
Duration: 8ms
Cache Result: IGNORED
Build Status: SUCCESS

Slave Build: (RunId stampede-slave8890909885267341364)
Duration: 8ms
Cache Result: IGNORED
Build Status: FAIL

----------------------------------------

Rule Name: //folly:container_traits
Rule Type: cxx_library

Local build:
Duration: 7ms
Cache Result: IGNORED
Build Status: SUCCESS
DefaultRuleKey: 92c1c1ad4a510345c198066ef7ed98db15842335
InputRuleKey: 785902c8659641f5af055e7b13bb7b0ddef9a581
Built by: 2 slave servers [stampede-slave1241653611715395998, stampede-slave8890909885267341364]

Slave Build: (RunId stampede-slave1241653611715395998)
Duration: 7ms
Cache Result: IGNORED
Build Status: SUCCESS

Slave Build: (RunId stampede-slave8890909885267341364)
Duration: 7ms
Cache Result: IGNORED
Build Status: SUCCESS

----------------------------------------

Rule Name: //stampede/example:stampede_folly_folly
Rule Type: cxx_binary

Local build:
Duration: 1ms
Cache Result: HIT
Build Status: SUCCESS
DefaultRuleKey: 252f38246a424e426d2b446f800c19f8a5869e97
InputRuleKey: 03d6a5e40fa39e165f304a0b85be5cf78b63defc
Built by: 2 slave servers [stampede-slave1241653611715395998, stampede-slave8890909885267341364]

Slave Build: (RunId stampede-slave1241653611715395998)
Duration: 1ms
Cache Result: HIT
Build Status: SUCCESS

Slave Build: (RunId stampede-slave8890909885267341364)
Duration: 345ms
Cache Result: MISS
Build Status: SUCCESS

----------------------------------------

Rule Name: //proxygen/lib/utils:exception#ve8da013
Rule Type: cxx_library

Local build:
Duration: 22ms
Cache Result: IGNORED
Build Status: SUCCESS
DefaultRuleKey: a00e4bdc408a46c2c6bfb45a4aae1d3352db367e
InputRuleKey: 2f90dc812d07665611fd4bc71d8ed31fc5d8a9dd
Built by: 2 slave servers [stampede-slave1241653611715395998, stampede-slave8890909885267341364]

Slave Build: (RunId stampede-slave1241653611715395998)
Duration: 22ms
Cache Result: IGNORED
Build Status: SUCCESS

Slave Build: (RunId stampede-slave8890909885267341364)
Duration: 22ms
Cache Result: IGNORED
Build Status: SUCCESS

----------------------------------------

Rule Name: //stampede/example:stampede_folly_folly#binary
Rule Type: cxx_link

Local build:
Duration: 27000ms
Cache Result: MISS
Build Status: SUCCESS
DefaultRuleKey: 30f3521ab84ba28c600e94d6dd51871a138ef86c
InputRuleKey: 54aa5fb284e714ac52e42c9406225df720c1c7d0
Built by: 2 slave servers [stampede-slave1241653611715395998, stampede-slave8890909885267341364]

Slave Build: (RunId stampede-slave1241653611715395998)
Duration: 28ms
Cache Result: HIT
Build Status: SUCCESS

Slave Build: (RunId stampede-slave8890909885267341364)
Duration: 867ms
Cache Result: MISS
Build Status: SUCCESS

----------------------------------------

Rule Name: //stampede/example:stampede_folly_folly#gcc-4.9-glibc-2.20-fb,shared-library-symlink-tree
Rule Type: symlink_tree

Local build:
Duration: 45000ms
Cache Result: IGNORED
Build Status: SUCCESS
DefaultRuleKey: 5c95e320be7f54188dcf2e8354cb3142e63a023d
InputRuleKey: ba359b82123a70fa7f15bd32f79aacbcc85b08e0
Built by: 2 slave servers [stampede-slave1241653611715395998, stampede-slave8890909885267341364]

Slave Build: (RunId stampede-slave1241653611715395998)
Duration: 250000ms
Cache Result: IGNORED
Build Status: SUCCESS

Slave Build: (RunId stampede-slave8890909885267341364)
Duration: 1163ms
Cache Result: IGNORED
Build Status: SUCCESS

----------------------------------------

Rule Name: //scribe/if:if-cpp2-scribe.thrift=gen-cpp2/scribe_types.tcc
Rule Type: genrule

Local build:
Duration: 1ms
Cache Result: HIT
Build Status: SUCCESS
DefaultRuleKey: 311acf4c1236a655d2758ccb66fe61ae9282c6ab
InputRuleKey: aac661125c89de4d1373d7621ef2122910163acd
Built by: 1 slave servers [stampede-slave8890909885267341364]

Slave Build: (RunId stampede-slave8890909885267341364)
Duration: 1ms
Cache Result: HIT
Build Status: SUCCESS

----------------------------------------

Rule Name: //configerator/distribution/api:api#ve8da013
Rule Type: cxx_library

Local build:
Duration: 5ms
Cache Result: IGNORED
Build Status: FAIL
DefaultRuleKey: d3c9498530a0cbf5f3cc337a3a367d9771ccbab4
InputRuleKey: 75f549d652ae8725d9b9fb2449d816a29b694655
Built by: 1 slave servers [stampede-slave1241653611715395998]

Slave Build: (RunId stampede-slave1241653611715395998)
Duration: 5ms
Cache Result: IGNORED
Build Status: SUCCESS
Mismatching DefaultRuleKey: 03c9498530a0cbf5f3cc337a3a367d9771ccbab4

----------------------------------------

Rule Name: //smc/common:dc_info#ve8da013
Rule Type: cxx_library

Local build:
Duration: 6ms
Cache Result: IGNORED
Build Status: FAIL
DefaultRuleKey: a9dc8930e3d545ad71b11d6e30e8f2f376296ae2
InputRuleKey: c1b74ec64d8a80f1a404e28a53ae9d4fbc43bee1
Built by: 2 slave servers [stampede-slave1241653611715395998, stampede-slave8890909885267341364]

Slave Build: (RunId stampede-slave1241653611715395998)
Duration: 6ms
Cache Result: IGNORED
Build Status: SUCCESS

Slave Build: (RunId stampede-slave8890909885267341364)
Duration: 6ms
Cache Result: IGNORED
Build Status: SUCCESS
Mismatching InputRuleKey: 01b74ec64d8a80f1a404e28a53ae9d4fbc43bee1

----------------------------------------

Rule Name: //common/init:init#ve8da013
Rule Type: cxx_library

Local build:
Duration: 4ms
Cache Result: IGNORED
Build Status: SUCCESS
DefaultRuleKey: 08b2a0d9f9e0bf8571a66a6791ae38284f20ad02
InputRuleKey: 9bbe80d36572604ad0882149a995916aad712c15
Built by: 2 slave servers [stampede-slave1241653611715395998, stampede-slave8890909885267341364]

Slave Build: (RunId stampede-slave1241653611715395998)
Duration: 4ms
Cache Result: IGNORED
Build Status: SUCCESS
Mismatching DefaultRuleKey: f8b2a0d9f9e0bf8571a66a6791ae38284f20ad02

Slave Build: (RunId stampede-slave8890909885267341364)
Duration: 4ms
Cache Result: IGNORED
Build Status: SUCCESS
Mismatching DefaultRuleKey: f8b2a0d9f9e0bf8571a66a6791ae38284f20ad02
