{"command":"library-dependencies","release":true,"rootPath":"@","platform":"android","outputPath":"@/buck-out/gen/js/fruit#android,release.jslib","dependencyLibraryFilePaths":[],"aggregatedSourceFilesFilePath":"@/buck-out/gen/js/fruit#_files_,android,release.jslib"}
library-files --release --platform android --root @
optimize --platform android
transform --filename js/apple.js
var apple;
optimize --platform android
transform --filename js/banana.js
var banana;
optimize --platform android
transform --filename js/pear.js
var pear;
