library --lib @/buck-out/gen/js/build-target-output.json --lib @/buck-out/gen/js/native-js/photo-album-js.json --lib @/buck-out/gen/js/native-js/text-widget-js.json --root @
library --root @
transform --filename buck-out/gen/external/exported.js
var exported;
library --root @
transform --filename js/native-js/photo-album.js
var photoAlbum;
library --root @
transform --filename js/native-js/text-widget.js
var textWidget;
