{"required-targets":["//js:DemoAppJS"],"xcconfig-paths":["buck-out/gen/DemoApp-Debug.xcconfig","buck-out/gen/DemoApp-Profile.xcconfig","buck-out/gen/DemoApp-Release.xcconfig"],"copy-in-xcode":[{"sourceType":"FILE","sourcePath":"buck-out/gen/js/__DemoAppJS_js__/Apps/DemoApp/DemoApp.bundle","destinationBase":"UNLOCALIZED_RESOURCES","destinationPath":""},{"sourceType":"FOLDER_CONTENTS","sourcePath":"buck-out/gen/js/__DemoAppJS_res__","destinationBase":"UNLOCALIZED_RESOURCES","destinationPath":""},{"sourceType":"FILE","sourcePath":"buck-out/gen/js/__DemoAppJS_source_map__/source.map","destinationBase":"TEMPDIR","destinationPath":"rn_source_map/Apps/DemoApp/DemoApp.bundle.map"}]}