{"command":"library-dependencies","release":true,"rootPath":"@","platform":"ios","outputPath":"@/buck-out/gen/js/extras#ios,release.jslib","dependencyLibraryFilePaths":[],"aggregatedSourceFilesFilePath":"@/buck-out/gen/js/extras#_files_,ios,release.jslib"}
library-files --release --platform ios --root @
optimize --arbitrary extra --flags --platform ios
transform --arbitrary extra --flags --filename js/extras/choclate-chips.js
var choclateChips;
optimize --arbitrary extra --flags --platform ios
transform --arbitrary extra --flags --filename js/extras/yoghurt.js
var yoghurt;
