{"command":"library-dependencies","release":true,"rootPath":"@","platform":"ios","outputPath":"@/buck-out/gen/js/fruit#ios,release.jslib","dependencyLibraryFilePaths":[],"aggregatedSourceFilesFilePath":"@/buck-out/gen/js/fruit#_files_,ios,release.jslib"}
library-files --release --platform ios --root @
optimize --platform ios
transform --filename js/apple.js
var apple;
optimize --platform ios
transform --filename js/banana.js
var banana;
optimize --platform ios
transform --filename js/pear.js
var pear;
