library-dependencies --release --platform ios --root @ --lib @/buck-out/gen/js/extras#ios,release.jslib --lib @/buck-out/gen/js/fruit#ios,release.jslib
library-dependencies --release --platform ios --root @
library-files --release --platform ios --root @
optimize --arbitrary extra --flags --platform ios
transform --arbitrary extra --flags --filename js/extras/choclate-chips.js
var choclateChips;
optimize --arbitrary extra --flags --platform ios
transform --arbitrary extra --flags --filename js/extras/yoghurt.js
var yoghurt;
library-dependencies --release --platform ios --root @
library-files --release --platform ios --root @
optimize --platform ios
transform --filename js/apple.js
var apple;
optimize --platform ios
transform --filename js/banana.js
var banana;
optimize --platform ios
transform --filename js/pear.js
var pear;
library-files --release --platform ios --root @
optimize --platform ios
transform --filename js/fruit-salad.js
var fruitSalad;
