{"command":"library-dependencies","release":true,"rootPath":"@","platform":"ios","outputPath":"@/buck-out/gen/js/fruit-salad#ios,release.jslib","dependencyLibraryFilePaths":["@/buck-out/gen/js/extras#ios,release.jslib","@/buck-out/gen/js/fruit#ios,release.jslib"],"aggregatedSourceFilesFilePath":"@/buck-out/gen/js/fruit-salad#_files_,ios,release.jslib","flavors":["ios","release"]}
{"command":"library-dependencies","release":true,"rootPath":"@","platform":"ios","outputPath":"@/buck-out/gen/js/extras#ios,release.jslib","dependencyLibraryFilePaths":[],"aggregatedSourceFilesFilePath":"@/buck-out/gen/js/extras#_files_,ios,release.jslib","flavors":["ios","release"]}
{"command":"library-files","release":true,"rootPath":"@","platform":"ios","outputFilePath":"@/buck-out/gen/js/extras#_files_,ios,release.jslib","sourceFilePaths":["@/buck-out/gen/js/extras#_files_,file-choclate-chips.js-51c2bd5932,ios,release.jsfile","@/buck-out/gen/js/extras#_files_,file-yoghurt.js-c8b0447e06,ios,release.jsfile"],"flavors":["ios","release"]}
{"command":"optimize","outputFilePath":"@/buck-out/gen/js/extras#_files_,file-choclate-chips.js-51c2bd5932,ios,release.jsfile","platform":"ios","transformedJsFilePath":"@/buck-out/gen/js/extras#file-choclate-chips.js-51c2bd5932.jsfile","extraData":{"arbitrary":"extra","json":1},"extraArgs":"--arbitrary extra --flags","flavors":["ios","release"]}
{"command":"transform","outputFilePath":"@/buck-out/gen/js/extras#file-choclate-chips.js-51c2bd5932.jsfile","sourceJsFilePath":"@/js/extras/choclate-chips.js","sourceJsFileName":"js/extras/choclate-chips.js","extraData":{"arbitrary":"extra","json":1},"extraArgs":"--arbitrary extra --flags","flavors":[]}
var choclateChips;
{"command":"optimize","outputFilePath":"@/buck-out/gen/js/extras#_files_,file-yoghurt.js-c8b0447e06,ios,release.jsfile","platform":"ios","transformedJsFilePath":"@/buck-out/gen/js/extras#file-yoghurt.js-c8b0447e06.jsfile","extraData":{"arbitrary":"extra","json":1},"extraArgs":"--arbitrary extra --flags","flavors":["ios","release"]}
{"command":"transform","outputFilePath":"@/buck-out/gen/js/extras#file-yoghurt.js-c8b0447e06.jsfile","sourceJsFilePath":"@/js/extras/yoghurt.js","sourceJsFileName":"js/extras/yoghurt.js","extraData":{"arbitrary":"extra","json":1},"extraArgs":"--arbitrary extra --flags","flavors":[]}
var yoghurt;
{"command":"library-dependencies","release":true,"rootPath":"@","platform":"ios","outputPath":"@/buck-out/gen/js/fruit#ios,release.jslib","dependencyLibraryFilePaths":[],"aggregatedSourceFilesFilePath":"@/buck-out/gen/js/fruit#_files_,ios,release.jslib","flavors":["ios","release"]}
{"command":"library-files","release":true,"rootPath":"@","platform":"ios","outputFilePath":"@/buck-out/gen/js/fruit#_files_,ios,release.jslib","sourceFilePaths":["@/buck-out/gen/js/fruit#_files_,file-apple.js-9635e8d52e,ios,release.jsfile","@/buck-out/gen/js/fruit#_files_,file-banana.js-b5d5d641eb,ios,release.jsfile","@/buck-out/gen/js/fruit#_files_,file-pear.js-b84041fd03,ios,release.jsfile"],"flavors":["ios","release"]}
{"command":"optimize","outputFilePath":"@/buck-out/gen/js/fruit#_files_,file-apple.js-9635e8d52e,ios,release.jsfile","platform":"ios","transformedJsFilePath":"@/buck-out/gen/js/fruit#file-apple.js-9635e8d52e.jsfile","flavors":["ios","release"]}
{"command":"transform","outputFilePath":"@/buck-out/gen/js/fruit#file-apple.js-9635e8d52e.jsfile","sourceJsFilePath":"@/js/apple.js","sourceJsFileName":"js/apple.js","flavors":[]}
var apple;
{"command":"optimize","outputFilePath":"@/buck-out/gen/js/fruit#_files_,file-banana.js-b5d5d641eb,ios,release.jsfile","platform":"ios","transformedJsFilePath":"@/buck-out/gen/js/fruit#file-banana.js-b5d5d641eb.jsfile","flavors":["ios","release"]}
{"command":"transform","outputFilePath":"@/buck-out/gen/js/fruit#file-banana.js-b5d5d641eb.jsfile","sourceJsFilePath":"@/js/banana.js","sourceJsFileName":"js/banana.js","flavors":[]}
var banana;
{"command":"optimize","outputFilePath":"@/buck-out/gen/js/fruit#_files_,file-pear.js-b84041fd03,ios,release.jsfile","platform":"ios","transformedJsFilePath":"@/buck-out/gen/js/fruit#file-pear.js-b84041fd03.jsfile","flavors":["ios","release"]}
{"command":"transform","outputFilePath":"@/buck-out/gen/js/fruit#file-pear.js-b84041fd03.jsfile","sourceJsFilePath":"@/js/pear.js","sourceJsFileName":"js/pear.js","flavors":[]}
var pear;
{"command":"library-files","release":true,"rootPath":"@","platform":"ios","outputFilePath":"@/buck-out/gen/js/fruit-salad#_files_,ios,release.jslib","sourceFilePaths":["@/buck-out/gen/js/fruit-salad#_files_,file-fruit-salad.js-a73876fda0,ios,release.jsfile"],"flavors":["ios","release"]}
{"command":"optimize","outputFilePath":"@/buck-out/gen/js/fruit-salad#_files_,file-fruit-salad.js-a73876fda0,ios,release.jsfile","platform":"ios","transformedJsFilePath":"@/buck-out/gen/js/fruit-salad#file-fruit-salad.js-a73876fda0.jsfile","flavors":["ios","release"]}
{"command":"transform","outputFilePath":"@/buck-out/gen/js/fruit-salad#file-fruit-salad.js-a73876fda0.jsfile","sourceJsFilePath":"@/js/fruit-salad.js","sourceJsFileName":"js/fruit-salad.js","flavors":[]}
var fruitSalad;
