{"command":"library-dependencies","release":false,"rootPath":"@","outputPath":"@/buck-out/gen/js/build-target-output.jslib","dependencyLibraryFilePaths":[],"aggregatedSourceFilesFilePath":"@/buck-out/gen/js/build-target-output#_files_.jslib"}
library-files --root @
transform --filename buck-out/gen/external/exported.js/exported.js
var exported;
