{"assetsDirPath":"@/buck-out/gen/js/fruit-salad-in-a-bundle#ios/res","bundlePath":"@/buck-out/gen/js/fruit-salad-in-a-bundle#ios/js/fruit-salad-in-a-bundle.js","command":"bundle","entryPoints":["fruit-salad"],"libraryGroups":[],"libraries":["@/buck-out/gen/js/extras#ios.jslib","@/buck-out/gen/js/fruit#ios.jslib","@/buck-out/gen/js/fruit-salad#ios.jslib"],"platform":"ios","release":false,"rootPath":"@","sourceMapPath":"@/buck-out/gen/js/fruit-salad-in-a-bundle#ios/map/fruit-salad-in-a-bundle.js.map"}
{"command":"library-dependencies","release":false,"rootPath":"@","platform":"ios","outputPath":"@/buck-out/gen/js/extras#ios.jslib","dependencyLibraryFilePaths":[],"aggregatedSourceFilesFilePath":"@/buck-out/gen/js/extras#_files_,ios.jslib"}
library-files --platform ios --root @
transform --arbitrary extra --flags --filename js/extras/choclate-chips.js
var choclateChips;
transform --arbitrary extra --flags --filename js/extras/yoghurt.js
var yoghurt;
{"command":"library-dependencies","release":false,"rootPath":"@","platform":"ios","outputPath":"@/buck-out/gen/js/fruit#ios.jslib","dependencyLibraryFilePaths":[],"aggregatedSourceFilesFilePath":"@/buck-out/gen/js/fruit#_files_,ios.jslib"}
library-files --platform ios --root @
transform --filename js/apple.js
var apple;
transform --filename js/banana.js
var banana;
transform --filename js/pear.js
var pear;
{"command":"library-dependencies","release":false,"rootPath":"@","platform":"ios","outputPath":"@/buck-out/gen/js/fruit-salad#ios.jslib","dependencyLibraryFilePaths":["@/buck-out/gen/js/extras#ios.jslib","@/buck-out/gen/js/fruit#ios.jslib"],"aggregatedSourceFilesFilePath":"@/buck-out/gen/js/fruit-salad#_files_,ios.jslib"}
{"command":"library-dependencies","release":false,"rootPath":"@","platform":"ios","outputPath":"@/buck-out/gen/js/extras#ios.jslib","dependencyLibraryFilePaths":[],"aggregatedSourceFilesFilePath":"@/buck-out/gen/js/extras#_files_,ios.jslib"}
library-files --platform ios --root @
transform --arbitrary extra --flags --filename js/extras/choclate-chips.js
var choclateChips;
transform --arbitrary extra --flags --filename js/extras/yoghurt.js
var yoghurt;
{"command":"library-dependencies","release":false,"rootPath":"@","platform":"ios","outputPath":"@/buck-out/gen/js/fruit#ios.jslib","dependencyLibraryFilePaths":[],"aggregatedSourceFilesFilePath":"@/buck-out/gen/js/fruit#_files_,ios.jslib"}
library-files --platform ios --root @
transform --filename js/apple.js
var apple;
transform --filename js/banana.js
var banana;
transform --filename js/pear.js
var pear;
library-files --platform ios --root @
transform --filename js/fruit-salad.js
var fruitSalad;
