{"assetsDirPath":"@/buck-out/gen/js/fruit-salad-in-a-bundle#ios/res","bundlePath":"@/buck-out/gen/js/fruit-salad-in-a-bundle#ios/js/fruit-salad-in-a-bundle.js","command":"bundle","entryPoints":["fruit-salad"],"libraries":["@/buck-out/gen/js/extras#ios.jslib","@/buck-out/gen/js/fruit#ios.jslib","@/buck-out/gen/js/fruit-salad#ios.jslib"],"platform":"ios","release":false,"rootPath":"@","sourceMapPath":"@/buck-out/gen/js/fruit-salad-in-a-bundle#ios/map/fruit-salad-in-a-bundle.js.map","miscDirPath":"@/buck-out/gen/js/fruit-salad-in-a-bundle#ios/misc","extraData":{"a":[1,2,3],"b":true,"s":"hello @/js/empty!"},"flavors":["ios"]}
{"command":"library-dependencies","release":false,"rootPath":"@","platform":"ios","outputPath":"@/buck-out/gen/js/extras#ios.jslib","dependencyLibraryFilePaths":[],"aggregatedSourceFilesFilePath":"@/buck-out/gen/js/extras#_files_,ios.jslib","flavors":["ios"]}
{"command":"library-files","release":false,"rootPath":"@","platform":"ios","outputFilePath":"@/buck-out/gen/js/extras#_files_,ios.jslib","sourceFilePaths":["@/buck-out/gen/js/extras#file-choclate-chips.js-51c2bd5932.jsfile","@/buck-out/gen/js/extras#file-yoghurt.js-c8b0447e06.jsfile"],"flavors":["ios"]}
{"command":"transform","outputFilePath":"@/buck-out/gen/js/extras#file-choclate-chips.js-51c2bd5932.jsfile","sourceJsFilePath":"@/js/extras/choclate-chips.js","sourceJsFileName":"js/extras/choclate-chips.js","extraData":{"arbitrary":"extra","json":1},"extraArgs":"--arbitrary extra --flags","flavors":[]}
var choclateChips;
{"command":"transform","outputFilePath":"@/buck-out/gen/js/extras#file-yoghurt.js-c8b0447e06.jsfile","sourceJsFilePath":"@/js/extras/yoghurt.js","sourceJsFileName":"js/extras/yoghurt.js","extraData":{"arbitrary":"extra","json":1},"extraArgs":"--arbitrary extra --flags","flavors":[]}
var yoghurt;
{"command":"library-dependencies","release":false,"rootPath":"@","platform":"ios","outputPath":"@/buck-out/gen/js/fruit#ios.jslib","dependencyLibraryFilePaths":[],"aggregatedSourceFilesFilePath":"@/buck-out/gen/js/fruit#_files_,ios.jslib","flavors":["ios"]}
{"command":"library-files","release":false,"rootPath":"@","platform":"ios","outputFilePath":"@/buck-out/gen/js/fruit#_files_,ios.jslib","sourceFilePaths":["@/buck-out/gen/js/fruit#file-apple.js-9635e8d52e.jsfile","@/buck-out/gen/js/fruit#file-banana.js-b5d5d641eb.jsfile","@/buck-out/gen/js/fruit#file-pear.js-b84041fd03.jsfile"],"flavors":["ios"]}
{"command":"transform","outputFilePath":"@/buck-out/gen/js/fruit#file-apple.js-9635e8d52e.jsfile","sourceJsFilePath":"@/js/apple.js","sourceJsFileName":"js/apple.js","flavors":[]}
var apple;
{"command":"transform","outputFilePath":"@/buck-out/gen/js/fruit#file-banana.js-b5d5d641eb.jsfile","sourceJsFilePath":"@/js/banana.js","sourceJsFileName":"js/banana.js","flavors":[]}
var banana;
{"command":"transform","outputFilePath":"@/buck-out/gen/js/fruit#file-pear.js-b84041fd03.jsfile","sourceJsFilePath":"@/js/pear.js","sourceJsFileName":"js/pear.js","flavors":[]}
var pear;
{"command":"library-dependencies","release":false,"rootPath":"@","platform":"ios","outputPath":"@/buck-out/gen/js/fruit-salad#ios.jslib","dependencyLibraryFilePaths":["@/buck-out/gen/js/extras#ios.jslib","@/buck-out/gen/js/fruit#ios.jslib"],"aggregatedSourceFilesFilePath":"@/buck-out/gen/js/fruit-salad#_files_,ios.jslib","flavors":["ios"]}
{"command":"library-dependencies","release":false,"rootPath":"@","platform":"ios","outputPath":"@/buck-out/gen/js/extras#ios.jslib","dependencyLibraryFilePaths":[],"aggregatedSourceFilesFilePath":"@/buck-out/gen/js/extras#_files_,ios.jslib","flavors":["ios"]}
{"command":"library-files","release":false,"rootPath":"@","platform":"ios","outputFilePath":"@/buck-out/gen/js/extras#_files_,ios.jslib","sourceFilePaths":["@/buck-out/gen/js/extras#file-choclate-chips.js-51c2bd5932.jsfile","@/buck-out/gen/js/extras#file-yoghurt.js-c8b0447e06.jsfile"],"flavors":["ios"]}
{"command":"transform","outputFilePath":"@/buck-out/gen/js/extras#file-choclate-chips.js-51c2bd5932.jsfile","sourceJsFilePath":"@/js/extras/choclate-chips.js","sourceJsFileName":"js/extras/choclate-chips.js","extraData":{"arbitrary":"extra","json":1},"extraArgs":"--arbitrary extra --flags","flavors":[]}
var choclateChips;
{"command":"transform","outputFilePath":"@/buck-out/gen/js/extras#file-yoghurt.js-c8b0447e06.jsfile","sourceJsFilePath":"@/js/extras/yoghurt.js","sourceJsFileName":"js/extras/yoghurt.js","extraData":{"arbitrary":"extra","json":1},"extraArgs":"--arbitrary extra --flags","flavors":[]}
var yoghurt;
{"command":"library-dependencies","release":false,"rootPath":"@","platform":"ios","outputPath":"@/buck-out/gen/js/fruit#ios.jslib","dependencyLibraryFilePaths":[],"aggregatedSourceFilesFilePath":"@/buck-out/gen/js/fruit#_files_,ios.jslib","flavors":["ios"]}
{"command":"library-files","release":false,"rootPath":"@","platform":"ios","outputFilePath":"@/buck-out/gen/js/fruit#_files_,ios.jslib","sourceFilePaths":["@/buck-out/gen/js/fruit#file-apple.js-9635e8d52e.jsfile","@/buck-out/gen/js/fruit#file-banana.js-b5d5d641eb.jsfile","@/buck-out/gen/js/fruit#file-pear.js-b84041fd03.jsfile"],"flavors":["ios"]}
{"command":"transform","outputFilePath":"@/buck-out/gen/js/fruit#file-apple.js-9635e8d52e.jsfile","sourceJsFilePath":"@/js/apple.js","sourceJsFileName":"js/apple.js","flavors":[]}
var apple;
{"command":"transform","outputFilePath":"@/buck-out/gen/js/fruit#file-banana.js-b5d5d641eb.jsfile","sourceJsFilePath":"@/js/banana.js","sourceJsFileName":"js/banana.js","flavors":[]}
var banana;
{"command":"transform","outputFilePath":"@/buck-out/gen/js/fruit#file-pear.js-b84041fd03.jsfile","sourceJsFilePath":"@/js/pear.js","sourceJsFileName":"js/pear.js","flavors":[]}
var pear;
{"command":"library-files","release":false,"rootPath":"@","platform":"ios","outputFilePath":"@/buck-out/gen/js/fruit-salad#_files_,ios.jslib","sourceFilePaths":["@/buck-out/gen/js/fruit-salad#file-fruit-salad.js-a73876fda0.jsfile"],"flavors":["ios"]}
{"command":"transform","outputFilePath":"@/buck-out/gen/js/fruit-salad#file-fruit-salad.js-a73876fda0.jsfile","sourceJsFilePath":"@/js/fruit-salad.js","sourceJsFileName":"js/fruit-salad.js","flavors":[]}
var fruitSalad;
