java_library(
  name = 'lib',
  exported_deps = [
    ':lib.Alpha',
    ':lib.Bravo',
    ':lib.Charlie',
    ':lib.Delta',
  ],
  visibility = [
    'PUBLIC',
  ],
)

java_library(
  name = 'lib.Alpha',
  srcs = [
    'Alpha.java',
  ],
  deps = [
    ':lib.Bravo',
    ':lib.Charlie',
    '//third-party:third-party',
  ],
  visibility = [
    'PUBLIC',
  ],
)

java_library(
  name = 'lib.Bravo',
  srcs = [
    'Bravo.java',
  ],
  deps = [
    ':lib.Delta',
  ],
  visibility = [
    'PUBLIC',
  ],
)

java_library(
  name = 'lib.Charlie',
  srcs = [
    'Charlie.java',
  ],
  deps = [
    ':lib.Delta',
  ],
  visibility = [
    'PUBLIC',
  ],
)

java_library(
  name = 'lib.Delta',
  srcs = [
    'Delta.java',
  ],
  deps = [
    '//third-party:third-party',
  ],
  visibility = [
    'PUBLIC',
  ],
)
