{
  "command" : "library-dependencies",
  "release" : true,
  "rootPath" : "@",
  "platform" : "ios",
  "outputPath" : "@/buck-out/gen/js/extras#ios,release,transform-profile-default.jslib",
  "dependencyLibraryFilePaths" : [ ],
  "aggregatedSourceFilesFilePath" : "@/buck-out/gen/js/extras#_files_,ios,release,transform-profile-default.jslib",
  "extraData" : {
    "arbitrary" : "extra",
    "json" : 1
  },
  "flavors" : [
    "ios",
    "release"
  ]
}
{
  "command" : "library-files",
  "release" : true,
  "rootPath" : "@",
  "platform" : "ios",
  "outputFilePath" : "@/buck-out/gen/js/extras#_files_,ios,release,transform-profile-default.jslib",
  "sourceFilePaths" : [
    "@/buck-out/gen/js/extras#_files_,file-choclate-chips.js-<HASH>,ios,release,transform-profile-default.jsfile",
    "@/buck-out/gen/js/extras#_files_,file-yoghurt.js-<HASH>,ios,release,transform-profile-default.jsfile"
  ],
  "flavors" : [
    "ios",
    "release"
  ]
}
{
  "command" : "transform",
  "outputFilePath" : "@/buck-out/gen/js/extras#_files_,file-choclate-chips.js-<HASH>,ios,release,transform-profile-default.jsfile",
  "sourceJsFilePath" : "@/js/extras/choclate-chips.js",
  "sourceJsFileName" : "js/extras/choclate-chips.js",
  "additionalSources" : [ ],
  "transformProfile" : "default",
  "release" : true,
  "extraData" : {
    "arbitrary" : "extra",
    "json" : 1
  },
  "flavors" : [
    "ios",
    "release"
  ]
}
var choclateChips;
{
  "command" : "transform",
  "outputFilePath" : "@/buck-out/gen/js/extras#_files_,file-yoghurt.js-<HASH>,ios,release,transform-profile-default.jsfile",
  "sourceJsFilePath" : "@/js/extras/yoghurt.js",
  "sourceJsFileName" : "js/extras/yoghurt.js",
  "additionalSources" : [ ],
  "transformProfile" : "default",
  "release" : true,
  "extraData" : {
    "arbitrary" : "extra",
    "json" : 1
  },
  "flavors" : [
    "ios",
    "release"
  ]
}
var yoghurt;