<?xml version="1.0" encoding="UTF-8"?>
<module type="JAVA_MODULE" version="4">
  <component name="FacetManager">
    <facet type="android" name="Android">
      <configuration>
        <option name="GEN_FOLDER_RELATIVE_PATH_APT" value="/../buck-out/android/lib_without_manifest/gen" />
        <option name="GEN_FOLDER_RELATIVE_PATH_AIDL" value="/../buck-out/android/lib_without_manifest/gen" />
        <option name="MANIFEST_FILE_RELATIVE_PATH" value="/../manifest/AndroidManifest.xml" />
        <option name="RES_FOLDERS_RELATIVE_PATH" value="" />
        <option name="LIBRARY_PROJECT" value="true" />
        <option name="PROJECT_TYPE" value="1" />
        <option name="UPDATE_PROPERTY_FILES" value="false" />
        <option name="ENABLE_SOURCES_AUTOGENERATION" value="true" />
        <includeAssetsFromLibraries>true</includeAssetsFromLibraries>
      </configuration>
    </facet>
  </component>
  <component name="NewModuleRootManager" inherit-compiler-output="false">
    <output url="jar://$MODULE_DIR$/../buck-out/gen/lib_without_manifest/lib__src_release__output/src_release.jar!/" />
    <exclude-output />
    <content url="file://$MODULE_DIR$/../buck-out/android/lib_without_manifest/gen">
      <sourceFolder url="file://$MODULE_DIR$/../buck-out/android/lib_without_manifest/gen" isTestSource="false" />
    </content>
    <content url="file://$MODULE_DIR$">
    </content>
    <orderEntry type="inheritedJdk" />
    <orderEntry type="sourceFolder" forTests="false" />
  </component>
</module>