{"assetsDirPath":"@/buck-out/gen/js/fruit-salad-in-a-bundle#_js_,android,release/res","bundlePath":"@/buck-out/gen/js/fruit-salad-in-a-bundle#_js_,android,release/js/fruit-salad-in-a-bundle.js","command":"bundle","entryPoints":["fruit-salad"],"libraries":["@/buck-out/gen/js/extras#android,release.jslib","@/buck-out/gen/js/fruit#android,release.jslib","@/buck-out/gen/js/fruit-salad#android,release.jslib"],"platform":"android","release":true,"rootPath":"@","sourceMapPath":"@/buck-out/gen/js/fruit-salad-in-a-bundle#_js_,android,release/map/fruit-salad-in-a-bundle.js.map","miscDirPath":"@/buck-out/gen/js/fruit-salad-in-a-bundle#_js_,android,release/misc","extraData":{"a":[1,2,3],"b":true,"s":"hello @/js/empty!"},"flavors":["android","release"]}
{"command":"library-dependencies","release":true,"rootPath":"@","platform":"android","outputPath":"@/buck-out/gen/js/extras#android,release.jslib","dependencyLibraryFilePaths":[],"aggregatedSourceFilesFilePath":"@/buck-out/gen/js/extras#_files_,android,release.jslib","flavors":["android","release"]}
{"command":"library-files","release":true,"rootPath":"@","platform":"android","outputFilePath":"@/buck-out/gen/js/extras#_files_,android,release.jslib","sourceFilePaths":["@/buck-out/gen/js/extras#_files_,android,file-choclate-chips.js-<HASH>,release.jsfile","@/buck-out/gen/js/extras#_files_,android,file-yoghurt.js-<HASH>,release.jsfile"],"flavors":["android","release"]}
{"command":"optimize","outputFilePath":"@/buck-out/gen/js/extras#_files_,android,file-choclate-chips.js-<HASH>,release.jsfile","transformedJsFilePath":"@/buck-out/gen/js/extras#file-choclate-chips.js-<HASH>.jsfile","extraData":{"arbitrary":"extra","json":1},"flavors":["android","release"]}
{"command":"transform","outputFilePath":"@/buck-out/gen/js/extras#file-choclate-chips.js-<HASH>.jsfile","sourceJsFilePath":"@/js/extras/choclate-chips.js","sourceJsFileName":"js/extras/choclate-chips.js","extraData":{"arbitrary":"extra","json":1},"flavors":[]}
var choclateChips;
{"command":"optimize","outputFilePath":"@/buck-out/gen/js/extras#_files_,android,file-yoghurt.js-<HASH>,release.jsfile","transformedJsFilePath":"@/buck-out/gen/js/extras#file-yoghurt.js-<HASH>.jsfile","extraData":{"arbitrary":"extra","json":1},"flavors":["android","release"]}
{"command":"transform","outputFilePath":"@/buck-out/gen/js/extras#file-yoghurt.js-<HASH>.jsfile","sourceJsFilePath":"@/js/extras/yoghurt.js","sourceJsFileName":"js/extras/yoghurt.js","extraData":{"arbitrary":"extra","json":1},"flavors":[]}
var yoghurt;
{"command":"library-dependencies","release":true,"rootPath":"@","platform":"android","outputPath":"@/buck-out/gen/js/fruit#android,release.jslib","dependencyLibraryFilePaths":[],"aggregatedSourceFilesFilePath":"@/buck-out/gen/js/fruit#_files_,android,release.jslib","flavors":["android","release"]}
{"command":"library-files","release":true,"rootPath":"@","platform":"android","outputFilePath":"@/buck-out/gen/js/fruit#_files_,android,release.jslib","sourceFilePaths":["@/buck-out/gen/js/fruit#_files_,android,file-apple.js-<HASH>,release.jsfile","@/buck-out/gen/js/fruit#_files_,android,file-banana.js-<HASH>,release.jsfile","@/buck-out/gen/js/fruit#_files_,android,file-pear.js-<HASH>,release.jsfile"],"flavors":["android","release"]}
{"command":"optimize","outputFilePath":"@/buck-out/gen/js/fruit#_files_,android,file-apple.js-<HASH>,release.jsfile","transformedJsFilePath":"@/buck-out/gen/js/fruit#file-apple.js-<HASH>.jsfile","flavors":["android","release"]}
{"command":"transform","outputFilePath":"@/buck-out/gen/js/fruit#file-apple.js-<HASH>.jsfile","sourceJsFilePath":"@/js/apple.js","sourceJsFileName":"js/apple.js","flavors":[]}
var apple;
{"command":"optimize","outputFilePath":"@/buck-out/gen/js/fruit#_files_,android,file-banana.js-<HASH>,release.jsfile","transformedJsFilePath":"@/buck-out/gen/js/fruit#file-banana.js-<HASH>.jsfile","flavors":["android","release"]}
{"command":"transform","outputFilePath":"@/buck-out/gen/js/fruit#file-banana.js-<HASH>.jsfile","sourceJsFilePath":"@/js/banana.js","sourceJsFileName":"js/banana.js","flavors":[]}
var banana;
{"command":"optimize","outputFilePath":"@/buck-out/gen/js/fruit#_files_,android,file-pear.js-<HASH>,release.jsfile","transformedJsFilePath":"@/buck-out/gen/js/fruit#file-pear.js-<HASH>.jsfile","flavors":["android","release"]}
{"command":"transform","outputFilePath":"@/buck-out/gen/js/fruit#file-pear.js-<HASH>.jsfile","sourceJsFilePath":"@/js/pear.js","sourceJsFileName":"js/pear.js","flavors":[]}
var pear;
{"command":"library-dependencies","release":true,"rootPath":"@","platform":"android","outputPath":"@/buck-out/gen/js/fruit-salad#android,release.jslib","dependencyLibraryFilePaths":["@/buck-out/gen/js/extras#android,release.jslib","@/buck-out/gen/js/fruit#android,release.jslib"],"aggregatedSourceFilesFilePath":"@/buck-out/gen/js/fruit-salad#_files_,android,release.jslib","flavors":["android","release"]}
{"command":"library-dependencies","release":true,"rootPath":"@","platform":"android","outputPath":"@/buck-out/gen/js/extras#android,release.jslib","dependencyLibraryFilePaths":[],"aggregatedSourceFilesFilePath":"@/buck-out/gen/js/extras#_files_,android,release.jslib","flavors":["android","release"]}
{"command":"library-files","release":true,"rootPath":"@","platform":"android","outputFilePath":"@/buck-out/gen/js/extras#_files_,android,release.jslib","sourceFilePaths":["@/buck-out/gen/js/extras#_files_,android,file-choclate-chips.js-<HASH>,release.jsfile","@/buck-out/gen/js/extras#_files_,android,file-yoghurt.js-<HASH>,release.jsfile"],"flavors":["android","release"]}
{"command":"optimize","outputFilePath":"@/buck-out/gen/js/extras#_files_,android,file-choclate-chips.js-<HASH>,release.jsfile","transformedJsFilePath":"@/buck-out/gen/js/extras#file-choclate-chips.js-<HASH>.jsfile","extraData":{"arbitrary":"extra","json":1},"flavors":["android","release"]}
{"command":"transform","outputFilePath":"@/buck-out/gen/js/extras#file-choclate-chips.js-<HASH>.jsfile","sourceJsFilePath":"@/js/extras/choclate-chips.js","sourceJsFileName":"js/extras/choclate-chips.js","extraData":{"arbitrary":"extra","json":1},"flavors":[]}
var choclateChips;
{"command":"optimize","outputFilePath":"@/buck-out/gen/js/extras#_files_,android,file-yoghurt.js-<HASH>,release.jsfile","transformedJsFilePath":"@/buck-out/gen/js/extras#file-yoghurt.js-<HASH>.jsfile","extraData":{"arbitrary":"extra","json":1},"flavors":["android","release"]}
{"command":"transform","outputFilePath":"@/buck-out/gen/js/extras#file-yoghurt.js-<HASH>.jsfile","sourceJsFilePath":"@/js/extras/yoghurt.js","sourceJsFileName":"js/extras/yoghurt.js","extraData":{"arbitrary":"extra","json":1},"flavors":[]}
var yoghurt;
{"command":"library-dependencies","release":true,"rootPath":"@","platform":"android","outputPath":"@/buck-out/gen/js/fruit#android,release.jslib","dependencyLibraryFilePaths":[],"aggregatedSourceFilesFilePath":"@/buck-out/gen/js/fruit#_files_,android,release.jslib","flavors":["android","release"]}
{"command":"library-files","release":true,"rootPath":"@","platform":"android","outputFilePath":"@/buck-out/gen/js/fruit#_files_,android,release.jslib","sourceFilePaths":["@/buck-out/gen/js/fruit#_files_,android,file-apple.js-<HASH>,release.jsfile","@/buck-out/gen/js/fruit#_files_,android,file-banana.js-<HASH>,release.jsfile","@/buck-out/gen/js/fruit#_files_,android,file-pear.js-<HASH>,release.jsfile"],"flavors":["android","release"]}
{"command":"optimize","outputFilePath":"@/buck-out/gen/js/fruit#_files_,android,file-apple.js-<HASH>,release.jsfile","transformedJsFilePath":"@/buck-out/gen/js/fruit#file-apple.js-<HASH>.jsfile","flavors":["android","release"]}
{"command":"transform","outputFilePath":"@/buck-out/gen/js/fruit#file-apple.js-<HASH>.jsfile","sourceJsFilePath":"@/js/apple.js","sourceJsFileName":"js/apple.js","flavors":[]}
var apple;
{"command":"optimize","outputFilePath":"@/buck-out/gen/js/fruit#_files_,android,file-banana.js-<HASH>,release.jsfile","transformedJsFilePath":"@/buck-out/gen/js/fruit#file-banana.js-<HASH>.jsfile","flavors":["android","release"]}
{"command":"transform","outputFilePath":"@/buck-out/gen/js/fruit#file-banana.js-<HASH>.jsfile","sourceJsFilePath":"@/js/banana.js","sourceJsFileName":"js/banana.js","flavors":[]}
var banana;
{"command":"optimize","outputFilePath":"@/buck-out/gen/js/fruit#_files_,android,file-pear.js-<HASH>,release.jsfile","transformedJsFilePath":"@/buck-out/gen/js/fruit#file-pear.js-<HASH>.jsfile","flavors":["android","release"]}
{"command":"transform","outputFilePath":"@/buck-out/gen/js/fruit#file-pear.js-<HASH>.jsfile","sourceJsFilePath":"@/js/pear.js","sourceJsFileName":"js/pear.js","flavors":[]}
var pear;
{"command":"library-files","release":true,"rootPath":"@","platform":"android","outputFilePath":"@/buck-out/gen/js/fruit-salad#_files_,android,release.jslib","sourceFilePaths":["@/buck-out/gen/js/fruit-salad#_files_,android,file-fruit-salad.js-<HASH>,release.jsfile"],"flavors":["android","release"]}
{"command":"optimize","outputFilePath":"@/buck-out/gen/js/fruit-salad#_files_,android,file-fruit-salad.js-<HASH>,release.jsfile","transformedJsFilePath":"@/buck-out/gen/js/fruit-salad#file-fruit-salad.js-<HASH>.jsfile","flavors":["android","release"]}
{"command":"transform","outputFilePath":"@/buck-out/gen/js/fruit-salad#file-fruit-salad.js-<HASH>.jsfile","sourceJsFilePath":"@/js/fruit-salad.js","sourceJsFileName":"js/fruit-salad.js","flavors":[]}
var fruitSalad;
